../Core/Src/main.c:80:7:calculate_decibel	40	static
../Core/Src/main.c:96:5:_write	24	static
../Core/Src/main.c:108:5:main	24	static
../Core/Src/main.c:208:6:SystemClock_Config	120	static
../Core/Src/main.c:264:6:PeriphCommonClock_Config	208	static
../Core/Src/main.c:292:13:MX_SAI4_Init	8	static
../Core/Src/main.c:341:13:MX_USART1_UART_Init	8	static
../Core/Src/main.c:386:13:MX_BDMA_Init	16	static
../Core/Src/main.c:403:13:MX_GPIO_Init	24	static
../Core/Src/main.c:423:6:MPU_Config	24	static
../Core/Src/main.c:453:6:Error_Handler	4	static,ignoring_inline_asm
