../Core/Src/main.c:38:5:main	8	static
../Core/Src/main.c:80:6:SystemClock_Config	328	static
../Core/Src/main.c:163:13:MX_GPIO_Init	24	static
../Core/Src/main.c:176:13:MX_SAI1_Init	48	static
../Core/Src/main.c:230:13:MX_DMA_Init	16	static
../Core/Src/main.c:268:6:HAL_SAI_RxHalfCpltCallback	16	static
../Core/Src/main.c:279:6:HAL_SAI_RxCpltCallback	16	static
../Core/Src/main.c:291:6:ProcessAudioData	24	static
../Core/Src/main.c:323:6:DMA1_Stream1_IRQHandler	8	static
../Core/Src/main.c:329:6:Error_Handler	4	static,ignoring_inline_asm
../Core/Src/main.c:344:6:HAL_SAI_MspInit	48	static
../Core/Src/main.c:373:6:HAL_SAI_MspDeInit	16	static
