../Core/Src/sd.c:71:6:SD_DMA_demo	8	static
../Core/Src/sd.c:76:6:SD_IT_demo	8	static
../Core/Src/sd.c:81:6:SD_POLLING_demo	8	static
../Core/Src/sd.c:91:13:SD_demo	48	static,ignoring_inline_asm
../Core/Src/sd.c:239:6:BSP_SD_DetectCallback	24	static
../Core/Src/sd.c:273:13:SD_SetHint	32	static
../Core/Src/sd.c:320:13:Fill_Buffer	48	static,ignoring_inline_asm
../Core/Src/sd.c:341:16:Buffercmp	24	static
../Core/Src/sd.c:361:6:BSP_SD_WriteCpltCallback	16	static
../Core/Src/sd.c:371:6:BSP_SD_ReadCpltCallback	16	static
