../Core/Src/stm32h7xx_it.c:48:6:NMI_Handler	4	static
../Core/Src/stm32h7xx_it.c:57:6:HardFault_Handler	4	static
../Core/Src/stm32h7xx_it.c:70:6:MemManage_Handler	4	static
../Core/Src/stm32h7xx_it.c:83:6:BusFault_Handler	4	static
../Core/Src/stm32h7xx_it.c:96:6:UsageFault_Handler	4	static
../Core/Src/stm32h7xx_it.c:109:6:SVC_Handler	4	static
../Core/Src/stm32h7xx_it.c:118:6:DebugMon_Handler	4	static
../Core/Src/stm32h7xx_it.c:127:6:PendSV_Handler	4	static
../Core/Src/stm32h7xx_it.c:136:6:SysTick_Handler	8	static
../Core/Src/stm32h7xx_it.c:153:6:EXTI2_IRQHandler	8	static
../Core/Src/stm32h7xx_it.c:163:6:EXTI3_IRQHandler	8	static
../Core/Src/stm32h7xx_it.c:173:6:EXTI4_IRQHandler	8	static
../Core/Src/stm32h7xx_it.c:183:6:EXTI9_5_IRQHandler	8	static
../Core/Src/stm32h7xx_it.c:194:6:EXTI15_10_IRQHandler	8	static
../Core/Src/stm32h7xx_it.c:204:6:DMA2_Stream4_IRQHandler	8	static
../Core/Src/stm32h7xx_it.c:213:6:DMA2_Stream1_IRQHandler	8	static
../Core/Src/stm32h7xx_it.c:223:6:BDMA_Channel1_IRQHandler	8	static
../Core/Src/stm32h7xx_it.c:232:6:MDMA_IRQHandler	8	static
../Core/Src/stm32h7xx_it.c:242:6:SDMMC1_IRQHandler	8	static
../Core/Src/stm32h7xx_it.c:252:6:DCMI_IRQHandler	8	static
../Core/Src/stm32h7xx_it.c:262:6:DMA2_Stream3_IRQHandler	8	static
