../Core/Src/stm32h7xx_it.c:69:6:NMI_Handler	4	static
../Core/Src/stm32h7xx_it.c:84:6:HardFault_Handler	4	static
../Core/Src/stm32h7xx_it.c:99:6:MemManage_Handler	4	static
../Core/Src/stm32h7xx_it.c:114:6:BusFault_Handler	4	static
../Core/Src/stm32h7xx_it.c:129:6:UsageFault_Handler	4	static
../Core/Src/stm32h7xx_it.c:144:6:SVC_Handler	4	static
../Core/Src/stm32h7xx_it.c:157:6:DebugMon_Handler	4	static
../Core/Src/stm32h7xx_it.c:170:6:PendSV_Handler	4	static
../Core/Src/stm32h7xx_it.c:183:6:SysTick_Handler	8	static
../Core/Src/stm32h7xx_it.c:210:6:EXTI2_IRQHandler	8	static
../Core/Src/stm32h7xx_it.c:220:6:EXTI3_IRQHandler	8	static
../Core/Src/stm32h7xx_it.c:230:6:EXTI4_IRQHandler	8	static
../Core/Src/stm32h7xx_it.c:240:6:EXTI9_5_IRQHandler	8	static
../Core/Src/stm32h7xx_it.c:251:6:EXTI15_10_IRQHandler	8	static
../Core/Src/stm32h7xx_it.c:261:6:DMA2_Stream4_IRQHandler	8	static
../Core/Src/stm32h7xx_it.c:270:6:DMA2_Stream1_IRQHandler	8	static
../Core/Src/stm32h7xx_it.c:280:6:BDMA_Channel1_IRQHandler	8	static
../Core/Src/stm32h7xx_it.c:289:6:MDMA_IRQHandler	8	static
../Core/Src/stm32h7xx_it.c:299:6:SDMMC1_IRQHandler	8	static
../Core/Src/stm32h7xx_it.c:309:6:DCMI_IRQHandler	8	static
../Core/Src/stm32h7xx_it.c:319:6:DMA2_Stream3_IRQHandler	8	static
