/Users/reesewhitlock/AcousticSpecies/acoustic-species-hardware/Libraries/STM32CubeH7/Drivers/STM32H7xx_HAL_Driver/Src/stm32h7xx_hal_nor.c:233:19:HAL_NOR_Init	32	static,ignoring_inline_asm
/Users/reesewhitlock/AcousticSpecies/acoustic-species-hardware/Libraries/STM32CubeH7/Drivers/STM32H7xx_HAL_Driver/Src/stm32h7xx_hal_nor.c:345:19:HAL_NOR_DeInit	16	static
/Users/reesewhitlock/AcousticSpecies/acoustic-species-hardware/Libraries/STM32CubeH7/Drivers/STM32H7xx_HAL_Driver/Src/stm32h7xx_hal_nor.c:378:13:HAL_NOR_MspInit	16	static
/Users/reesewhitlock/AcousticSpecies/acoustic-species-hardware/Libraries/STM32CubeH7/Drivers/STM32H7xx_HAL_Driver/Src/stm32h7xx_hal_nor.c:394:13:HAL_NOR_MspDeInit	16	static
/Users/reesewhitlock/AcousticSpecies/acoustic-species-hardware/Libraries/STM32CubeH7/Drivers/STM32H7xx_HAL_Driver/Src/stm32h7xx_hal_nor.c:411:13:HAL_NOR_MspWait	16	static
/Users/reesewhitlock/AcousticSpecies/acoustic-species-hardware/Libraries/STM32CubeH7/Drivers/STM32H7xx_HAL_Driver/Src/stm32h7xx_hal_nor.c:447:19:HAL_NOR_Read_ID	24	static,ignoring_inline_asm
/Users/reesewhitlock/AcousticSpecies/acoustic-species-hardware/Libraries/STM32CubeH7/Drivers/STM32H7xx_HAL_Driver/Src/stm32h7xx_hal_nor.c:551:19:HAL_NOR_ReturnToReadMode	24	static,ignoring_inline_asm
/Users/reesewhitlock/AcousticSpecies/acoustic-species-hardware/Libraries/STM32CubeH7/Drivers/STM32H7xx_HAL_Driver/Src/stm32h7xx_hal_nor.c:629:19:HAL_NOR_Read	32	static,ignoring_inline_asm
/Users/reesewhitlock/AcousticSpecies/acoustic-species-hardware/Libraries/STM32CubeH7/Drivers/STM32H7xx_HAL_Driver/Src/stm32h7xx_hal_nor.c:729:19:HAL_NOR_Program	32	static,ignoring_inline_asm
/Users/reesewhitlock/AcousticSpecies/acoustic-species-hardware/Libraries/STM32CubeH7/Drivers/STM32H7xx_HAL_Driver/Src/stm32h7xx_hal_nor.c:823:19:HAL_NOR_ReadBuffer	48	static,ignoring_inline_asm
/Users/reesewhitlock/AcousticSpecies/acoustic-species-hardware/Libraries/STM32CubeH7/Drivers/STM32H7xx_HAL_Driver/Src/stm32h7xx_hal_nor.c:934:19:HAL_NOR_ProgramBuffer	48	static,ignoring_inline_asm
/Users/reesewhitlock/AcousticSpecies/acoustic-species-hardware/Libraries/STM32CubeH7/Drivers/STM32H7xx_HAL_Driver/Src/stm32h7xx_hal_nor.c:1054:19:HAL_NOR_Erase_Block	32	static,ignoring_inline_asm
/Users/reesewhitlock/AcousticSpecies/acoustic-species-hardware/Libraries/STM32CubeH7/Drivers/STM32H7xx_HAL_Driver/Src/stm32h7xx_hal_nor.c:1150:19:HAL_NOR_Erase_Chip	24	static,ignoring_inline_asm
/Users/reesewhitlock/AcousticSpecies/acoustic-species-hardware/Libraries/STM32CubeH7/Drivers/STM32H7xx_HAL_Driver/Src/stm32h7xx_hal_nor.c:1240:19:HAL_NOR_Read_CFI	24	static,ignoring_inline_asm
/Users/reesewhitlock/AcousticSpecies/acoustic-species-hardware/Libraries/STM32CubeH7/Drivers/STM32H7xx_HAL_Driver/Src/stm32h7xx_hal_nor.c:1427:19:HAL_NOR_WriteOperation_Enable	16	static
/Users/reesewhitlock/AcousticSpecies/acoustic-species-hardware/Libraries/STM32CubeH7/Drivers/STM32H7xx_HAL_Driver/Src/stm32h7xx_hal_nor.c:1461:19:HAL_NOR_WriteOperation_Disable	16	static
/Users/reesewhitlock/AcousticSpecies/acoustic-species-hardware/Libraries/STM32CubeH7/Drivers/STM32H7xx_HAL_Driver/Src/stm32h7xx_hal_nor.c:1514:22:HAL_NOR_GetState	16	static
/Users/reesewhitlock/AcousticSpecies/acoustic-species-hardware/Libraries/STM32CubeH7/Drivers/STM32H7xx_HAL_Driver/Src/stm32h7xx_hal_nor.c:1528:23:HAL_NOR_GetStatus	40	static,ignoring_inline_asm
