/Users/reesewhitlock/AcousticSpecies/acoustic-species-hardware/Libraries/STM32CubeH7/Drivers/BSP/STM32H747I-DISCO/stm32h747i_discovery_camera.c:207:9:BSP_CAMERA_Init	40	static
/Users/reesewhitlock/AcousticSpecies/acoustic-species-hardware/Libraries/STM32CubeH7/Drivers/BSP/STM32H747I-DISCO/stm32h747i_discovery_camera.c:340:9:BSP_CAMERA_DeInit	24	static
/Users/reesewhitlock/AcousticSpecies/acoustic-species-hardware/Libraries/STM32CubeH7/Drivers/BSP/STM32H747I-DISCO/stm32h747i_discovery_camera.c:402:26:MX_DCMI_Init	16	static
/Users/reesewhitlock/AcousticSpecies/acoustic-species-hardware/Libraries/STM32CubeH7/Drivers/BSP/STM32H747I-DISCO/stm32h747i_discovery_camera.c:501:9:BSP_CAMERA_Start	40	static
/Users/reesewhitlock/AcousticSpecies/acoustic-species-hardware/Libraries/STM32CubeH7/Drivers/BSP/STM32H747I-DISCO/stm32h747i_discovery_camera.c:527:9:BSP_CAMERA_Stop	24	static
/Users/reesewhitlock/AcousticSpecies/acoustic-species-hardware/Libraries/STM32CubeH7/Drivers/BSP/STM32H747I-DISCO/stm32h747i_discovery_camera.c:552:9:BSP_CAMERA_Suspend	24	static
/Users/reesewhitlock/AcousticSpecies/acoustic-species-hardware/Libraries/STM32CubeH7/Drivers/BSP/STM32H747I-DISCO/stm32h747i_discovery_camera.c:577:9:BSP_CAMERA_Resume	24	static
/Users/reesewhitlock/AcousticSpecies/acoustic-species-hardware/Libraries/STM32CubeH7/Drivers/BSP/STM32H747I-DISCO/stm32h747i_discovery_camera.c:606:9:BSP_CAMERA_GetCapabilities	24	static
/Users/reesewhitlock/AcousticSpecies/acoustic-species-hardware/Libraries/STM32CubeH7/Drivers/BSP/STM32H747I-DISCO/stm32h747i_discovery_camera.c:633:9:BSP_CAMERA_SetPixelFormat	24	static
/Users/reesewhitlock/AcousticSpecies/acoustic-species-hardware/Libraries/STM32CubeH7/Drivers/BSP/STM32H747I-DISCO/stm32h747i_discovery_camera.c:661:9:BSP_CAMERA_GetPixelFormat	24	static
/Users/reesewhitlock/AcousticSpecies/acoustic-species-hardware/Libraries/STM32CubeH7/Drivers/BSP/STM32H747I-DISCO/stm32h747i_discovery_camera.c:686:9:BSP_CAMERA_SetResolution	24	static
/Users/reesewhitlock/AcousticSpecies/acoustic-species-hardware/Libraries/STM32CubeH7/Drivers/BSP/STM32H747I-DISCO/stm32h747i_discovery_camera.c:718:9:BSP_CAMERA_GetResolution	24	static
/Users/reesewhitlock/AcousticSpecies/acoustic-species-hardware/Libraries/STM32CubeH7/Drivers/BSP/STM32H747I-DISCO/stm32h747i_discovery_camera.c:746:9:BSP_CAMERA_SetLightMode	24	static
/Users/reesewhitlock/AcousticSpecies/acoustic-species-hardware/Libraries/STM32CubeH7/Drivers/BSP/STM32H747I-DISCO/stm32h747i_discovery_camera.c:778:9:BSP_CAMERA_GetLightMode	24	static
/Users/reesewhitlock/AcousticSpecies/acoustic-species-hardware/Libraries/STM32CubeH7/Drivers/BSP/STM32H747I-DISCO/stm32h747i_discovery_camera.c:806:9:BSP_CAMERA_SetColorEffect	24	static
/Users/reesewhitlock/AcousticSpecies/acoustic-species-hardware/Libraries/STM32CubeH7/Drivers/BSP/STM32H747I-DISCO/stm32h747i_discovery_camera.c:838:9:BSP_CAMERA_GetColorEffect	24	static
/Users/reesewhitlock/AcousticSpecies/acoustic-species-hardware/Libraries/STM32CubeH7/Drivers/BSP/STM32H747I-DISCO/stm32h747i_discovery_camera.c:866:9:BSP_CAMERA_SetBrightness	24	static
/Users/reesewhitlock/AcousticSpecies/acoustic-species-hardware/Libraries/STM32CubeH7/Drivers/BSP/STM32H747I-DISCO/stm32h747i_discovery_camera.c:898:9:BSP_CAMERA_GetBrightness	24	static
/Users/reesewhitlock/AcousticSpecies/acoustic-species-hardware/Libraries/STM32CubeH7/Drivers/BSP/STM32H747I-DISCO/stm32h747i_discovery_camera.c:926:9:BSP_CAMERA_SetSaturation	24	static
/Users/reesewhitlock/AcousticSpecies/acoustic-species-hardware/Libraries/STM32CubeH7/Drivers/BSP/STM32H747I-DISCO/stm32h747i_discovery_camera.c:958:9:BSP_CAMERA_GetSaturation	24	static
/Users/reesewhitlock/AcousticSpecies/acoustic-species-hardware/Libraries/STM32CubeH7/Drivers/BSP/STM32H747I-DISCO/stm32h747i_discovery_camera.c:986:9:BSP_CAMERA_SetContrast	24	static
/Users/reesewhitlock/AcousticSpecies/acoustic-species-hardware/Libraries/STM32CubeH7/Drivers/BSP/STM32H747I-DISCO/stm32h747i_discovery_camera.c:1018:9:BSP_CAMERA_GetContrast	24	static
/Users/reesewhitlock/AcousticSpecies/acoustic-species-hardware/Libraries/STM32CubeH7/Drivers/BSP/STM32H747I-DISCO/stm32h747i_discovery_camera.c:1046:9:BSP_CAMERA_SetHueDegree	24	static
/Users/reesewhitlock/AcousticSpecies/acoustic-species-hardware/Libraries/STM32CubeH7/Drivers/BSP/STM32H747I-DISCO/stm32h747i_discovery_camera.c:1078:9:BSP_CAMERA_GetHueDegree	24	static
/Users/reesewhitlock/AcousticSpecies/acoustic-species-hardware/Libraries/STM32CubeH7/Drivers/BSP/STM32H747I-DISCO/stm32h747i_discovery_camera.c:1107:9:BSP_CAMERA_SetMirrorFlip	24	static
/Users/reesewhitlock/AcousticSpecies/acoustic-species-hardware/Libraries/STM32CubeH7/Drivers/BSP/STM32H747I-DISCO/stm32h747i_discovery_camera.c:1139:9:BSP_CAMERA_GetMirrorFlip	24	static
/Users/reesewhitlock/AcousticSpecies/acoustic-species-hardware/Libraries/STM32CubeH7/Drivers/BSP/STM32H747I-DISCO/stm32h747i_discovery_camera.c:1167:9:BSP_CAMERA_SetZoom	24	static
/Users/reesewhitlock/AcousticSpecies/acoustic-species-hardware/Libraries/STM32CubeH7/Drivers/BSP/STM32H747I-DISCO/stm32h747i_discovery_camera.c:1199:9:BSP_CAMERA_GetZoom	24	static
/Users/reesewhitlock/AcousticSpecies/acoustic-species-hardware/Libraries/STM32CubeH7/Drivers/BSP/STM32H747I-DISCO/stm32h747i_discovery_camera.c:1226:9:BSP_CAMERA_EnableNightMode	24	static
/Users/reesewhitlock/AcousticSpecies/acoustic-species-hardware/Libraries/STM32CubeH7/Drivers/BSP/STM32H747I-DISCO/stm32h747i_discovery_camera.c:1256:9:BSP_CAMERA_DisableNightMode	24	static
/Users/reesewhitlock/AcousticSpecies/acoustic-species-hardware/Libraries/STM32CubeH7/Drivers/BSP/STM32H747I-DISCO/stm32h747i_discovery_camera.c:1286:9:BSP_CAMERA_HwReset	48	static
/Users/reesewhitlock/AcousticSpecies/acoustic-species-hardware/Libraries/STM32CubeH7/Drivers/BSP/STM32H747I-DISCO/stm32h747i_discovery_camera.c:1325:9:BSP_CAMERA_PwrDown	48	static
/Users/reesewhitlock/AcousticSpecies/acoustic-species-hardware/Libraries/STM32CubeH7/Drivers/BSP/STM32H747I-DISCO/stm32h747i_discovery_camera.c:1358:9:BSP_CAMERA_PwrUp	48	static
/Users/reesewhitlock/AcousticSpecies/acoustic-species-hardware/Libraries/STM32CubeH7/Drivers/BSP/STM32H747I-DISCO/stm32h747i_discovery_camera.c:1390:6:BSP_CAMERA_IRQHandler	16	static
/Users/reesewhitlock/AcousticSpecies/acoustic-species-hardware/Libraries/STM32CubeH7/Drivers/BSP/STM32H747I-DISCO/stm32h747i_discovery_camera.c:1403:6:BSP_CAMERA_DMA_IRQHandler	16	static
/Users/reesewhitlock/AcousticSpecies/acoustic-species-hardware/Libraries/STM32CubeH7/Drivers/BSP/STM32H747I-DISCO/stm32h747i_discovery_camera.c:1425:16:GetSize	24	static
/Users/reesewhitlock/AcousticSpecies/acoustic-species-hardware/Libraries/STM32CubeH7/Drivers/BSP/STM32H747I-DISCO/stm32h747i_discovery_camera.c:1467:13:DCMI_MspInit	64	static
/Users/reesewhitlock/AcousticSpecies/acoustic-species-hardware/Libraries/STM32CubeH7/Drivers/BSP/STM32H747I-DISCO/stm32h747i_discovery_camera.c:1561:13:DCMI_MspDeInit	40	static
/Users/reesewhitlock/AcousticSpecies/acoustic-species-hardware/Libraries/STM32CubeH7/Drivers/BSP/STM32H747I-DISCO/stm32h747i_discovery_camera.c:1602:6:HAL_DCMI_LineEventCallback	16	static
/Users/reesewhitlock/AcousticSpecies/acoustic-species-hardware/Libraries/STM32CubeH7/Drivers/BSP/STM32H747I-DISCO/stm32h747i_discovery_camera.c:1615:6:HAL_DCMI_FrameEventCallback	16	static
/Users/reesewhitlock/AcousticSpecies/acoustic-species-hardware/Libraries/STM32CubeH7/Drivers/BSP/STM32H747I-DISCO/stm32h747i_discovery_camera.c:1628:6:HAL_DCMI_VsyncEventCallback	16	static
/Users/reesewhitlock/AcousticSpecies/acoustic-species-hardware/Libraries/STM32CubeH7/Drivers/BSP/STM32H747I-DISCO/stm32h747i_discovery_camera.c:1641:6:HAL_DCMI_ErrorCallback	16	static
/Users/reesewhitlock/AcousticSpecies/acoustic-species-hardware/Libraries/STM32CubeH7/Drivers/BSP/STM32H747I-DISCO/stm32h747i_discovery_camera.c:1707:13:BSP_CAMERA_LineEventCallback	16	static
/Users/reesewhitlock/AcousticSpecies/acoustic-species-hardware/Libraries/STM32CubeH7/Drivers/BSP/STM32H747I-DISCO/stm32h747i_discovery_camera.c:1722:13:BSP_CAMERA_FrameEventCallback	16	static
/Users/reesewhitlock/AcousticSpecies/acoustic-species-hardware/Libraries/STM32CubeH7/Drivers/BSP/STM32H747I-DISCO/stm32h747i_discovery_camera.c:1737:13:BSP_CAMERA_VsyncEventCallback	16	static
/Users/reesewhitlock/AcousticSpecies/acoustic-species-hardware/Libraries/STM32CubeH7/Drivers/BSP/STM32H747I-DISCO/stm32h747i_discovery_camera.c:1752:13:BSP_CAMERA_ErrorCallback	16	static
/Users/reesewhitlock/AcousticSpecies/acoustic-species-hardware/Libraries/STM32CubeH7/Drivers/BSP/STM32H747I-DISCO/stm32h747i_discovery_camera.c:1775:16:OV9655_Probe	48	static
/Users/reesewhitlock/AcousticSpecies/acoustic-species-hardware/Libraries/STM32CubeH7/Drivers/BSP/STM32H747I-DISCO/stm32h747i_discovery_camera.c:1831:16:OV5640_Probe	48	static
