/Users/reesewhitlock/AcousticSpecies/acoustic-species-hardware/Libraries/STM32CubeH7/Drivers/BSP/STM32H747I-DISCO/stm32h747i_discovery_ts.c:120:9:BSP_TS_Init	40	static
/Users/reesewhitlock/AcousticSpecies/acoustic-species-hardware/Libraries/STM32CubeH7/Drivers/BSP/STM32H747I-DISCO/stm32h747i_discovery_ts.c:171:9:BSP_TS_DeInit	24	static
/Users/reesewhitlock/AcousticSpecies/acoustic-species-hardware/Libraries/STM32CubeH7/Drivers/BSP/STM32H747I-DISCO/stm32h747i_discovery_ts.c:200:9:BSP_TS_GetCapabilities	24	static
/Users/reesewhitlock/AcousticSpecies/acoustic-species-hardware/Libraries/STM32CubeH7/Drivers/BSP/STM32H747I-DISCO/stm32h747i_discovery_ts.c:222:9:BSP_TS_EnableIT	48	static
/Users/reesewhitlock/AcousticSpecies/acoustic-species-hardware/Libraries/STM32CubeH7/Drivers/BSP/STM32H747I-DISCO/stm32h747i_discovery_ts.c:268:9:BSP_TS_DisableIT	40	static
/Users/reesewhitlock/AcousticSpecies/acoustic-species-hardware/Libraries/STM32CubeH7/Drivers/BSP/STM32H747I-DISCO/stm32h747i_discovery_ts.c:304:13:BSP_TS_Callback	16	static
/Users/reesewhitlock/AcousticSpecies/acoustic-species-hardware/Libraries/STM32CubeH7/Drivers/BSP/STM32H747I-DISCO/stm32h747i_discovery_ts.c:319:9:BSP_TS_GetState	48	static
/Users/reesewhitlock/AcousticSpecies/acoustic-species-hardware/Libraries/STM32CubeH7/Drivers/BSP/STM32H747I-DISCO/stm32h747i_discovery_ts.c:405:9:BSP_TS_Get_MultiTouchState	96	static
/Users/reesewhitlock/AcousticSpecies/acoustic-species-hardware/Libraries/STM32CubeH7/Drivers/BSP/STM32H747I-DISCO/stm32h747i_discovery_ts.c:496:9:BSP_TS_GestureConfig	24	static
/Users/reesewhitlock/AcousticSpecies/acoustic-species-hardware/Libraries/STM32CubeH7/Drivers/BSP/STM32H747I-DISCO/stm32h747i_discovery_ts.c:521:9:BSP_TS_GetGestureId	24	static
/Users/reesewhitlock/AcousticSpecies/acoustic-species-hardware/Libraries/STM32CubeH7/Drivers/BSP/STM32H747I-DISCO/stm32h747i_discovery_ts.c:578:9:BSP_TS_Set_Orientation	16	static
/Users/reesewhitlock/AcousticSpecies/acoustic-species-hardware/Libraries/STM32CubeH7/Drivers/BSP/STM32H747I-DISCO/stm32h747i_discovery_ts.c:590:9:BSP_TS_Get_Orientation	16	static
/Users/reesewhitlock/AcousticSpecies/acoustic-species-hardware/Libraries/STM32CubeH7/Drivers/BSP/STM32H747I-DISCO/stm32h747i_discovery_ts.c:601:6:BSP_TS_IRQHandler	16	static
/Users/reesewhitlock/AcousticSpecies/acoustic-species-hardware/Libraries/STM32CubeH7/Drivers/BSP/STM32H747I-DISCO/stm32h747i_discovery_ts.c:618:16:FT6X06_Probe	72	static
/Users/reesewhitlock/AcousticSpecies/acoustic-species-hardware/Libraries/STM32CubeH7/Drivers/BSP/STM32H747I-DISCO/stm32h747i_discovery_ts.c:675:13:TS_EXTI_Callback	8	static
