/Users/reesewhitlock/AcousticSpecies/acoustic-species-hardware/Libraries/STM32CubeH7/Drivers/BSP/STM32H747I-DISCO/stm32h747i_discovery_audio.c:216:9:BSP_AUDIO_OUT_Init	88	static
/Users/reesewhitlock/AcousticSpecies/acoustic-species-hardware/Libraries/STM32CubeH7/Drivers/BSP/STM32H747I-DISCO/stm32h747i_discovery_audio.c:342:9:BSP_AUDIO_OUT_DeInit	24	static
/Users/reesewhitlock/AcousticSpecies/acoustic-species-hardware/Libraries/STM32CubeH7/Drivers/BSP/STM32H747I-DISCO/stm32h747i_discovery_audio.c:383:26:MX_SAI1_Block_A_Init	24	static
/Users/reesewhitlock/AcousticSpecies/acoustic-species-hardware/Libraries/STM32CubeH7/Drivers/BSP/STM32H747I-DISCO/stm32h747i_discovery_audio.c:443:26:MX_SAI1_ClockConfig	224	static
/Users/reesewhitlock/AcousticSpecies/acoustic-species-hardware/Libraries/STM32CubeH7/Drivers/BSP/STM32H747I-DISCO/stm32h747i_discovery_audio.c:484:26:MX_SAI4_ClockConfig	224	static
/Users/reesewhitlock/AcousticSpecies/acoustic-species-hardware/Libraries/STM32CubeH7/Drivers/BSP/STM32H747I-DISCO/stm32h747i_discovery_audio.c:601:9:BSP_AUDIO_OUT_Play	32	static
/Users/reesewhitlock/AcousticSpecies/acoustic-species-hardware/Libraries/STM32CubeH7/Drivers/BSP/STM32H747I-DISCO/stm32h747i_discovery_audio.c:646:9:BSP_AUDIO_OUT_Pause	24	static
/Users/reesewhitlock/AcousticSpecies/acoustic-species-hardware/Libraries/STM32CubeH7/Drivers/BSP/STM32H747I-DISCO/stm32h747i_discovery_audio.c:689:9:BSP_AUDIO_OUT_Resume	24	static
/Users/reesewhitlock/AcousticSpecies/acoustic-species-hardware/Libraries/STM32CubeH7/Drivers/BSP/STM32H747I-DISCO/stm32h747i_discovery_audio.c:728:9:BSP_AUDIO_OUT_Stop	24	static
/Users/reesewhitlock/AcousticSpecies/acoustic-species-hardware/Libraries/STM32CubeH7/Drivers/BSP/STM32H747I-DISCO/stm32h747i_discovery_audio.c:773:9:BSP_AUDIO_OUT_SetVolume	32	static
/Users/reesewhitlock/AcousticSpecies/acoustic-species-hardware/Libraries/STM32CubeH7/Drivers/BSP/STM32H747I-DISCO/stm32h747i_discovery_audio.c:811:9:BSP_AUDIO_OUT_GetVolume	24	static
/Users/reesewhitlock/AcousticSpecies/acoustic-species-hardware/Libraries/STM32CubeH7/Drivers/BSP/STM32H747I-DISCO/stm32h747i_discovery_audio.c:832:9:BSP_AUDIO_OUT_Mute	24	static
/Users/reesewhitlock/AcousticSpecies/acoustic-species-hardware/Libraries/STM32CubeH7/Drivers/BSP/STM32H747I-DISCO/stm32h747i_discovery_audio.c:862:9:BSP_AUDIO_OUT_UnMute	24	static
/Users/reesewhitlock/AcousticSpecies/acoustic-species-hardware/Libraries/STM32CubeH7/Drivers/BSP/STM32H747I-DISCO/stm32h747i_discovery_audio.c:893:9:BSP_AUDIO_OUT_IsMute	24	static
/Users/reesewhitlock/AcousticSpecies/acoustic-species-hardware/Libraries/STM32CubeH7/Drivers/BSP/STM32H747I-DISCO/stm32h747i_discovery_audio.c:916:9:BSP_AUDIO_OUT_SetDevice	24	static
/Users/reesewhitlock/AcousticSpecies/acoustic-species-hardware/Libraries/STM32CubeH7/Drivers/BSP/STM32H747I-DISCO/stm32h747i_discovery_audio.c:946:9:BSP_AUDIO_OUT_GetDevice	24	static
/Users/reesewhitlock/AcousticSpecies/acoustic-species-hardware/Libraries/STM32CubeH7/Drivers/BSP/STM32H747I-DISCO/stm32h747i_discovery_audio.c:971:9:BSP_AUDIO_OUT_SetSampleRate	24	static
/Users/reesewhitlock/AcousticSpecies/acoustic-species-hardware/Libraries/STM32CubeH7/Drivers/BSP/STM32H747I-DISCO/stm32h747i_discovery_audio.c:1040:9:BSP_AUDIO_OUT_GetSampleRate	24	static
/Users/reesewhitlock/AcousticSpecies/acoustic-species-hardware/Libraries/STM32CubeH7/Drivers/BSP/STM32H747I-DISCO/stm32h747i_discovery_audio.c:1063:9:BSP_AUDIO_OUT_SetBitsPerSample	24	static
/Users/reesewhitlock/AcousticSpecies/acoustic-species-hardware/Libraries/STM32CubeH7/Drivers/BSP/STM32H747I-DISCO/stm32h747i_discovery_audio.c:1145:9:BSP_AUDIO_OUT_GetBitsPerSample	24	static
/Users/reesewhitlock/AcousticSpecies/acoustic-species-hardware/Libraries/STM32CubeH7/Drivers/BSP/STM32H747I-DISCO/stm32h747i_discovery_audio.c:1169:9:BSP_AUDIO_OUT_SetChannelsNbr	24	static
/Users/reesewhitlock/AcousticSpecies/acoustic-species-hardware/Libraries/STM32CubeH7/Drivers/BSP/STM32H747I-DISCO/stm32h747i_discovery_audio.c:1225:9:BSP_AUDIO_OUT_GetChannelsNbr	24	static
/Users/reesewhitlock/AcousticSpecies/acoustic-species-hardware/Libraries/STM32CubeH7/Drivers/BSP/STM32H747I-DISCO/stm32h747i_discovery_audio.c:1249:9:BSP_AUDIO_OUT_GetState	24	static
/Users/reesewhitlock/AcousticSpecies/acoustic-species-hardware/Libraries/STM32CubeH7/Drivers/BSP/STM32H747I-DISCO/stm32h747i_discovery_audio.c:1267:6:BSP_AUDIO_OUT_IRQHandler	16	static
/Users/reesewhitlock/AcousticSpecies/acoustic-species-hardware/Libraries/STM32CubeH7/Drivers/BSP/STM32H747I-DISCO/stm32h747i_discovery_audio.c:1281:6:HAL_SAI_TxCpltCallback	16	static
/Users/reesewhitlock/AcousticSpecies/acoustic-species-hardware/Libraries/STM32CubeH7/Drivers/BSP/STM32H747I-DISCO/stm32h747i_discovery_audio.c:1296:6:HAL_SAI_TxHalfCpltCallback	16	static
/Users/reesewhitlock/AcousticSpecies/acoustic-species-hardware/Libraries/STM32CubeH7/Drivers/BSP/STM32H747I-DISCO/stm32h747i_discovery_audio.c:1311:6:HAL_SAI_ErrorCallback	16	static
/Users/reesewhitlock/AcousticSpecies/acoustic-species-hardware/Libraries/STM32CubeH7/Drivers/BSP/STM32H747I-DISCO/stm32h747i_discovery_audio.c:1330:13:BSP_AUDIO_OUT_TransferComplete_CallBack	16	static
/Users/reesewhitlock/AcousticSpecies/acoustic-species-hardware/Libraries/STM32CubeH7/Drivers/BSP/STM32H747I-DISCO/stm32h747i_discovery_audio.c:1341:13:BSP_AUDIO_OUT_HalfTransfer_CallBack	16	static
/Users/reesewhitlock/AcousticSpecies/acoustic-species-hardware/Libraries/STM32CubeH7/Drivers/BSP/STM32H747I-DISCO/stm32h747i_discovery_audio.c:1352:13:BSP_AUDIO_OUT_Error_CallBack	16	static
/Users/reesewhitlock/AcousticSpecies/acoustic-species-hardware/Libraries/STM32CubeH7/Drivers/BSP/STM32H747I-DISCO/stm32h747i_discovery_audio.c:1373:9:BSP_AUDIO_IN_Init	88	static
/Users/reesewhitlock/AcousticSpecies/acoustic-species-hardware/Libraries/STM32CubeH7/Drivers/BSP/STM32H747I-DISCO/stm32h747i_discovery_audio.c:1572:9:BSP_AUDIO_IN_DeInit	24	static
/Users/reesewhitlock/AcousticSpecies/acoustic-species-hardware/Libraries/STM32CubeH7/Drivers/BSP/STM32H747I-DISCO/stm32h747i_discovery_audio.c:1650:26:MX_SAI1_Block_B_Init	24	static
/Users/reesewhitlock/AcousticSpecies/acoustic-species-hardware/Libraries/STM32CubeH7/Drivers/BSP/STM32H747I-DISCO/stm32h747i_discovery_audio.c:1706:26:MX_SAI4_Block_A_Init	24	static
/Users/reesewhitlock/AcousticSpecies/acoustic-species-hardware/Libraries/STM32CubeH7/Drivers/BSP/STM32H747I-DISCO/stm32h747i_discovery_audio.c:1864:9:BSP_AUDIO_IN_PDMToPCM_Init	32	static
/Users/reesewhitlock/AcousticSpecies/acoustic-species-hardware/Libraries/STM32CubeH7/Drivers/BSP/STM32H747I-DISCO/stm32h747i_discovery_audio.c:1906:9:BSP_AUDIO_IN_PDMToPCM	32	static
/Users/reesewhitlock/AcousticSpecies/acoustic-species-hardware/Libraries/STM32CubeH7/Drivers/BSP/STM32H747I-DISCO/stm32h747i_discovery_audio.c:1932:9:BSP_AUDIO_IN_Record	32	static
/Users/reesewhitlock/AcousticSpecies/acoustic-species-hardware/Libraries/STM32CubeH7/Drivers/BSP/STM32H747I-DISCO/stm32h747i_discovery_audio.c:1957:9:BSP_AUDIO_IN_Stop	24	static
/Users/reesewhitlock/AcousticSpecies/acoustic-species-hardware/Libraries/STM32CubeH7/Drivers/BSP/STM32H747I-DISCO/stm32h747i_discovery_audio.c:1999:9:BSP_AUDIO_IN_Pause	24	static
/Users/reesewhitlock/AcousticSpecies/acoustic-species-hardware/Libraries/STM32CubeH7/Drivers/BSP/STM32H747I-DISCO/stm32h747i_discovery_audio.c:2038:9:BSP_AUDIO_IN_Resume	24	static
/Users/reesewhitlock/AcousticSpecies/acoustic-species-hardware/Libraries/STM32CubeH7/Drivers/BSP/STM32H747I-DISCO/stm32h747i_discovery_audio.c:2080:9:BSP_AUDIO_IN_RecordPDM	32	static
/Users/reesewhitlock/AcousticSpecies/acoustic-species-hardware/Libraries/STM32CubeH7/Drivers/BSP/STM32H747I-DISCO/stm32h747i_discovery_audio.c:2108:9:BSP_AUDIO_IN_SetDevice	40	static
/Users/reesewhitlock/AcousticSpecies/acoustic-species-hardware/Libraries/STM32CubeH7/Drivers/BSP/STM32H747I-DISCO/stm32h747i_discovery_audio.c:2146:9:BSP_AUDIO_IN_GetDevice	24	static
/Users/reesewhitlock/AcousticSpecies/acoustic-species-hardware/Libraries/STM32CubeH7/Drivers/BSP/STM32H747I-DISCO/stm32h747i_discovery_audio.c:2168:9:BSP_AUDIO_IN_SetSampleRate	40	static
/Users/reesewhitlock/AcousticSpecies/acoustic-species-hardware/Libraries/STM32CubeH7/Drivers/BSP/STM32H747I-DISCO/stm32h747i_discovery_audio.c:2205:9:BSP_AUDIO_IN_GetSampleRate	24	static
/Users/reesewhitlock/AcousticSpecies/acoustic-species-hardware/Libraries/STM32CubeH7/Drivers/BSP/STM32H747I-DISCO/stm32h747i_discovery_audio.c:2229:9:BSP_AUDIO_IN_SetBitsPerSample	40	static
/Users/reesewhitlock/AcousticSpecies/acoustic-species-hardware/Libraries/STM32CubeH7/Drivers/BSP/STM32H747I-DISCO/stm32h747i_discovery_audio.c:2267:9:BSP_AUDIO_IN_GetBitsPerSample	24	static
/Users/reesewhitlock/AcousticSpecies/acoustic-species-hardware/Libraries/STM32CubeH7/Drivers/BSP/STM32H747I-DISCO/stm32h747i_discovery_audio.c:2289:9:BSP_AUDIO_IN_SetChannelsNbr	24	static
/Users/reesewhitlock/AcousticSpecies/acoustic-species-hardware/Libraries/STM32CubeH7/Drivers/BSP/STM32H747I-DISCO/stm32h747i_discovery_audio.c:2312:9:BSP_AUDIO_IN_GetChannelsNbr	24	static
/Users/reesewhitlock/AcousticSpecies/acoustic-species-hardware/Libraries/STM32CubeH7/Drivers/BSP/STM32H747I-DISCO/stm32h747i_discovery_audio.c:2334:9:BSP_AUDIO_IN_SetVolume	32	static
/Users/reesewhitlock/AcousticSpecies/acoustic-species-hardware/Libraries/STM32CubeH7/Drivers/BSP/STM32H747I-DISCO/stm32h747i_discovery_audio.c:2361:9:BSP_AUDIO_IN_GetVolume	24	static
/Users/reesewhitlock/AcousticSpecies/acoustic-species-hardware/Libraries/STM32CubeH7/Drivers/BSP/STM32H747I-DISCO/stm32h747i_discovery_audio.c:2383:9:BSP_AUDIO_IN_GetState	24	static
/Users/reesewhitlock/AcousticSpecies/acoustic-species-hardware/Libraries/STM32CubeH7/Drivers/BSP/STM32H747I-DISCO/stm32h747i_discovery_audio.c:2407:6:BSP_AUDIO_IN_IRQHandler	16	static
/Users/reesewhitlock/AcousticSpecies/acoustic-species-hardware/Libraries/STM32CubeH7/Drivers/BSP/STM32H747I-DISCO/stm32h747i_discovery_audio.c:2421:6:HAL_SAI_RxHalfCpltCallback	16	static
/Users/reesewhitlock/AcousticSpecies/acoustic-species-hardware/Libraries/STM32CubeH7/Drivers/BSP/STM32H747I-DISCO/stm32h747i_discovery_audio.c:2439:6:HAL_SAI_RxCpltCallback	16	static
/Users/reesewhitlock/AcousticSpecies/acoustic-species-hardware/Libraries/STM32CubeH7/Drivers/BSP/STM32H747I-DISCO/stm32h747i_discovery_audio.c:2457:13:BSP_AUDIO_IN_TransferComplete_CallBack	16	static
/Users/reesewhitlock/AcousticSpecies/acoustic-species-hardware/Libraries/STM32CubeH7/Drivers/BSP/STM32H747I-DISCO/stm32h747i_discovery_audio.c:2471:13:BSP_AUDIO_IN_HalfTransfer_CallBack	16	static
/Users/reesewhitlock/AcousticSpecies/acoustic-species-hardware/Libraries/STM32CubeH7/Drivers/BSP/STM32H747I-DISCO/stm32h747i_discovery_audio.c:2485:13:BSP_AUDIO_IN_Error_CallBack	16	static
/Users/reesewhitlock/AcousticSpecies/acoustic-species-hardware/Libraries/STM32CubeH7/Drivers/BSP/STM32H747I-DISCO/stm32h747i_discovery_audio.c:2546:16:WM8994_Probe	40	static
/Users/reesewhitlock/AcousticSpecies/acoustic-species-hardware/Libraries/STM32CubeH7/Drivers/BSP/STM32H747I-DISCO/stm32h747i_discovery_audio.c:2595:13:SAI_MspInit	104	static
/Users/reesewhitlock/AcousticSpecies/acoustic-species-hardware/Libraries/STM32CubeH7/Drivers/BSP/STM32H747I-DISCO/stm32h747i_discovery_audio.c:2817:13:SAI_MspDeInit	40	static
