../X-CUBE-AI/App/app_x-cube-ai.c:61:5:_write	24	static
../X-CUBE-AI/App/app_x-cube-ai.c:113:13:ai_log_err	16	static
../X-CUBE-AI/App/app_x-cube-ai.c:126:12:ai_boostrap	32	static
../X-CUBE-AI/App/app_x-cube-ai.c:169:12:ai_run	16	static
../X-CUBE-AI/App/app_x-cube-ai.c:197:5:acquire_and_process_data	24	static
../X-CUBE-AI/App/app_x-cube-ai.c:210:5:post_process	72	static
../X-CUBE-AI/App/app_x-cube-ai.c:256:6:MX_X_CUBE_AI_Init	8	static
../X-CUBE-AI/App/app_x-cube-ai.c:265:6:MX_X_CUBE_AI_Process	24	static
